---
source: crates/descendit/tests/golden_analysis.rs
expression: output
---
{
  "composite_loss": 0.5652231732059458,
  "dimensions": {
    "bloat": {
      "loss": 0.24155852423848112,
      "item_count": 2
    },
    "code_economy": {
      "loss": 0.0,
      "item_count": 2
    },
    "coupling_density": {
      "loss": 0.0,
      "item_count": 0,
      "not_measured": true
    },
    "duplication": {
      "loss": 0.0,
      "item_count": 2
    },
    "state_cardinality": {
      "loss": 0.9795162310699256,
      "item_count": 4
    }
  },
  "top_heatmap": [
    {
      "file": "complex_types.rs",
      "line": 4,
      "function_name": "AppConfig",
      "dimension": "state_cardinality",
      "responsibility": 0.27305176961478844,
      "detail": "log2 cardinality 15.0",
      "scope_path": [
        {
          "kind": "type",
          "name": "AppConfig"
        }
      ]
    },
    {
      "file": "complex_types.rs",
      "line": 23,
      "function_name": "UserProfile",
      "dimension": "state_cardinality",
      "responsibility": 0.13028159953621737,
      "detail": "log2 cardinality 11.0",
      "scope_path": [
        {
          "kind": "type",
          "name": "UserProfile"
        }
      ]
    },
    {
      "file": "complex_types.rs",
      "line": 65,
      "function_name": "default_config",
      "dimension": "bloat",
      "responsibility": 0.013394463675002799,
      "detail": "18 lines",
      "scope_path": [
        {
          "kind": "function",
          "name": "default_config"
        }
      ]
    },
    {
      "file": "complex_types.rs",
      "line": 86,
      "function_name": "default_profile",
      "dimension": "bloat",
      "responsibility": 0.010986493527688657,
      "detail": "15 lines",
      "scope_path": [
        {
          "kind": "function",
          "name": "default_profile"
        }
      ]
    },
    {
      "file": "complex_types.rs",
      "line": 39,
      "function_name": "SystemEvent",
      "dimension": "state_cardinality",
      "responsibility": 0.008559028887239528,
      "detail": "log2 cardinality 3.0",
      "scope_path": [
        {
          "kind": "type",
          "name": "SystemEvent"
        }
      ]
    },
    {
      "file": "complex_types.rs",
      "line": 53,
      "function_name": "PipelineStage",
      "dimension": "state_cardinality",
      "responsibility": 0.003783420899203027,
      "detail": "log2 cardinality 2.0",
      "scope_path": [
        {
          "kind": "type",
          "name": "PipelineStage"
        }
      ]
    }
  ],
  "heatmap_entry_count": 6,
  "dimension_totals": [
    {
      "dimension": "state_cardinality",
      "total_responsibility": 0.41567581893744837,
      "entry_count": 4
    },
    {
      "dimension": "bloat",
      "total_responsibility": 0.024380957202691456,
      "entry_count": 2
    }
  ]
}
