---
source: crates/descendit/tests/golden_analysis.rs
expression: output
---
{
  "composite_loss": 0.01690358272619774,
  "dimensions": {
    "bloat": {
      "loss": 0.061600528900616625,
      "item_count": 4
    },
    "code_economy": {
      "loss": 0.0,
      "item_count": 4
    },
    "coupling_density": {
      "loss": 0.0,
      "item_count": 0,
      "not_measured": true
    },
    "duplication": {
      "loss": 0.0,
      "item_count": 4
    },
    "state_cardinality": {
      "loss": 0.0214279379122998,
      "item_count": 2
    }
  },
  "top_heatmap": [
    {
      "file": "clean.rs",
      "line": 31,
      "function_name": "run_step",
      "dimension": "bloat",
      "responsibility": 0.005569624774300008,
      "detail": "8 lines",
      "scope_path": [
        {
          "kind": "function",
          "name": "run_step"
        }
      ]
    },
    {
      "file": "clean.rs",
      "line": 4,
      "function_name": "PipelineConfig",
      "dimension": "state_cardinality",
      "responsibility": 0.004268179250043969,
      "detail": "log2 cardinality 1.0",
      "scope_path": [
        {
          "kind": "type",
          "name": "PipelineConfig"
        }
      ]
    },
    {
      "file": "clean.rs",
      "line": 42,
      "function_name": "format_result",
      "dimension": "bloat",
      "responsibility": 0.0035594477023600524,
      "detail": "6 lines",
      "scope_path": [
        {
          "kind": "function",
          "name": "format_result"
        }
      ]
    },
    {
      "file": "clean.rs",
      "line": 17,
      "function_name": "new_pipeline",
      "dimension": "bloat",
      "responsibility": 0.002578398506323132,
      "detail": "5 lines",
      "scope_path": [
        {
          "kind": "function",
          "name": "new_pipeline"
        }
      ]
    },
    {
      "file": "clean.rs",
      "line": 25,
      "function_name": "with_parallel",
      "dimension": "bloat",
      "responsibility": 0.0008193561839859864,
      "detail": "3 lines",
      "scope_path": [
        {
          "kind": "function",
          "name": "with_parallel"
        }
      ]
    }
  ],
  "heatmap_entry_count": 5,
  "dimension_totals": [
    {
      "dimension": "bloat",
      "total_responsibility": 0.012526827166969179,
      "entry_count": 4
    },
    {
      "dimension": "state_cardinality",
      "total_responsibility": 0.004268179250043969,
      "entry_count": 1
    }
  ]
}
