---
source: crates/descendit/tests/golden_analysis.rs
expression: stdout
---
complex_types.rs
  L4    AppConfig                      @......... state_cardinality (0.091)
  L23   UserProfile                    .......... state_cardinality (0.048)

mixed.rs
  L3    Report                         .......... state_cardinality (0.010)

duplicated.rs
  L20   filter_users                   .......... duplication (0.004)
  L31   filter_products                .......... duplication (0.004)
  L44   count_active_users             .......... duplication (0.004)
  L57   count_available_products       .......... duplication (0.004)
  L72   serialize_users                .......... duplication (0.004)
  L83   serialize_products             .......... duplication (0.004)

mixed.rs
  L69   sort_entries_by_value          .......... duplication (0.004)
  L75   sort_entries_by_label          .......... duplication (0.004)

overhead.rs
  L136  format_tokens                  .......... duplication (0.004)
  L143  apply_indentation              .......... duplication (0.004)

complex_types.rs
  L39   SystemEvent                    .......... state_cardinality (0.003)

bloated.rs
  L16   process_records                .......... bloat (0.003)
  L89   validate_config                .......... bloat (0.003)
  L155  render_report                  .......... bloat (0.002)

mixed.rs
  L83   compute_median                 .......... code_economy (0.002)
  L97   format_pct                     .......... code_economy (0.002)
  L104  clamp                          .......... code_economy (0.002)
  L114  truncate_label                 .......... code_economy (0.002)
  L122  count_above_threshold          .......... code_economy (0.002)
  L126  _unused_helper                 .......... code_economy (0.002)

overhead.rs
  L39   strip_comments                 .......... code_economy (0.002)
  L47   normalize_whitespace           .......... code_economy (0.002)
  L55   tokenize                       .......... code_economy (0.002)
  L66   filter_empty                   .......... code_economy (0.002)
  L77   merge_adjacent                 .......... code_economy (0.002)
  L103  validate_tokens                .......... code_economy (0.002)
  L114  build_index                    .......... code_economy (0.002)
  L124  sort_by_kind                   .......... code_economy (0.002)
  L136  format_tokens                  .......... code_economy (0.002)
  L143  apply_indentation              .......... code_economy (0.002)
  L147  wrap_lines                     .......... code_economy (0.002)
  L167  trim_trailing                  .......... code_economy (0.002)
  L174  add_line_numbers               .......... code_economy (0.002)
  L182  join_output                    .......... code_economy (0.002)

mixed.rs
  L28   build_summary                  .......... bloat (0.002)

complex_types.rs
  L53   PipelineStage                  .......... state_cardinality (0.002)

overhead.rs
  L77   merge_adjacent                 .......... bloat (0.001)

complex_types.rs
  L65   default_config                 .......... bloat (0.001)

overhead.rs
  L147  wrap_lines                     .......... bloat (0.001)

complex_types.rs
  L86   default_profile                .......... bloat (0.001)

mixed.rs
  L83   compute_median                 .......... bloat (0.001)

duplicated.rs
  L44   count_active_users             .......... bloat (0.001)
  L57   count_available_products       .......... bloat (0.001)
  L96   validate_user                  .......... bloat (0.001)
  L109  validate_order                 .......... bloat (0.001)

overhead.rs
  L15   parse                          .......... bloat (0.001)
  L124  sort_by_kind                   .......... bloat (0.001)

duplicated.rs
  L20   filter_users                   .......... bloat (0.000)
  L31   filter_products                .......... bloat (0.000)
  L72   serialize_users                .......... bloat (0.000)
  L83   serialize_products             .......... bloat (0.000)

overhead.rs
  L55   tokenize                       .......... bloat (0.000)
  L66   filter_empty                   .......... bloat (0.000)
  L103  validate_tokens                .......... bloat (0.000)

bloated.rs
  L3    Record                         .......... state_cardinality (0.000)

clean.rs
  L4    PipelineConfig                 .......... state_cardinality (0.000)

mixed.rs
  L18   Status                         .......... state_cardinality (0.000)

clean.rs
  L31   run_step                       .......... bloat (0.000)

mixed.rs
  L104  clamp                          .......... bloat (0.000)

overhead.rs
  L114  build_index                    .......... bloat (0.000)
  L28   render                         .......... bloat (0.000)

clean.rs
  L42   format_result                  .......... bloat (0.000)

mixed.rs
  L114  truncate_label                 .......... bloat (0.000)

overhead.rs
  L39   strip_comments                 .......... bloat (0.000)
  L47   normalize_whitespace           .......... bloat (0.000)
  L174  add_line_numbers               .......... bloat (0.000)

clean.rs
  L17   new_pipeline                   .......... bloat (0.000)

mixed.rs
  L97   format_pct                     .......... bloat (0.000)

overhead.rs
  L136  format_tokens                  .......... bloat (0.000)
  L167  trim_trailing                  .......... bloat (0.000)

mixed.rs
  L69   sort_entries_by_value          .......... bloat (0.000)
  L75   sort_entries_by_label          .......... bloat (0.000)

clean.rs
  L25   with_parallel                  .......... bloat (0.000)

mixed.rs
  L122  count_above_threshold          .......... bloat (0.000)
  L126  _unused_helper                 .......... bloat (0.000)

overhead.rs
  L143  apply_indentation              .......... bloat (0.000)
  L182  join_output                    .......... bloat (0.000)
