---
source: crates/descendit/tests/golden_analysis.rs
expression: stdout
---
{
  "analysis_root": "/Users/owen/me/monobrown/.worktrees/descendit-publish-readiness/crates/descendit/tests/fixtures/golden",
  "files_analyzed": 6,
  "total_lines": 786,
  "functions": [
    {
      "name": "process_records",
      "file": "bloated.rs",
      "module_path": "",
      "scope_path": [
        {
          "kind": "function",
          "name": "process_records"
        }
      ],
      "line": 16,
      "lines": 58,
      "params": 1,
      "nesting_depth": 3,
      "cyclomatic": 11,
      "mutable_bindings": 4,
      "internal_state_cardinality_log2": 0.0,
      "assertions": 0,
      "meaningful_assertions": 0,
      "is_test": false,
      "is_pub": true
    },
    {
      "name": "validate_config",
      "file": "bloated.rs",
      "module_path": "",
      "scope_path": [
        {
          "kind": "function",
          "name": "validate_config"
        }
      ],
      "line": 89,
      "lines": 52,
      "params": 1,
      "nesting_depth": 2,
      "cyclomatic": 11,
      "mutable_bindings": 2,
      "internal_state_cardinality_log2": 0.0,
      "assertions": 0,
      "meaningful_assertions": 0,
      "is_test": false,
      "is_pub": true
    },
    {
      "name": "render_report",
      "file": "bloated.rs",
      "module_path": "",
      "scope_path": [
        {
          "kind": "function",
          "name": "render_report"
        }
      ],
      "line": 155,
      "lines": 41,
      "params": 3,
      "nesting_depth": 2,
      "cyclomatic": 6,
      "mutable_bindings": 1,
      "internal_state_cardinality_log2": 0.0,
      "assertions": 0,
      "meaningful_assertions": 0,
      "is_test": false,
      "is_pub": true
    },
    {
      "name": "new_pipeline",
      "file": "clean.rs",
      "module_path": "",
      "scope_path": [
        {
          "kind": "function",
          "name": "new_pipeline"
        }
      ],
      "line": 17,
      "lines": 5,
      "params": 1,
      "nesting_depth": 0,
      "cyclomatic": 1,
      "mutable_bindings": 0,
      "internal_state_cardinality_log2": 0.0,
      "assertions": 0,
      "meaningful_assertions": 0,
      "is_test": false,
      "is_pub": true
    },
    {
      "name": "with_parallel",
      "file": "clean.rs",
      "module_path": "",
      "scope_path": [
        {
          "kind": "function",
          "name": "with_parallel"
        }
      ],
      "line": 25,
      "lines": 3,
      "params": 1,
      "nesting_depth": 0,
      "cyclomatic": 1,
      "mutable_bindings": 0,
      "internal_state_cardinality_log2": 0.0,
      "assertions": 0,
      "meaningful_assertions": 0,
      "is_test": false,
      "is_pub": true
    },
    {
      "name": "run_step",
      "file": "clean.rs",
      "module_path": "",
      "scope_path": [
        {
          "kind": "function",
          "name": "run_step"
        }
      ],
      "line": 31,
      "lines": 8,
      "params": 2,
      "nesting_depth": 1,
      "cyclomatic": 3,
      "mutable_bindings": 0,
      "internal_state_cardinality_log2": 0.0,
      "assertions": 0,
      "meaningful_assertions": 0,
      "is_test": false,
      "is_pub": true
    },
    {
      "name": "format_result",
      "file": "clean.rs",
      "module_path": "",
      "scope_path": [
        {
          "kind": "function",
          "name": "format_result"
        }
      ],
      "line": 42,
      "lines": 6,
      "params": 1,
      "nesting_depth": 1,
      "cyclomatic": 3,
      "mutable_bindings": 0,
      "internal_state_cardinality_log2": 0.0,
      "assertions": 0,
      "meaningful_assertions": 0,
      "is_test": false,
      "is_pub": true
    },
    {
      "name": "default_config",
      "file": "complex_types.rs",
      "module_path": "",
      "scope_path": [
        {
          "kind": "function",
          "name": "default_config"
        }
      ],
      "line": 65,
      "lines": 18,
      "params": 0,
      "nesting_depth": 0,
      "cyclomatic": 1,
      "mutable_bindings": 0,
      "internal_state_cardinality_log2": 0.0,
      "assertions": 0,
      "meaningful_assertions": 0,
      "is_test": false,
      "is_pub": true
    },
    {
      "name": "default_profile",
      "file": "complex_types.rs",
      "module_path": "",
      "scope_path": [
        {
          "kind": "function",
          "name": "default_profile"
        }
      ],
      "line": 86,
      "lines": 15,
      "params": 1,
      "nesting_depth": 0,
      "cyclomatic": 1,
      "mutable_bindings": 0,
      "internal_state_cardinality_log2": 0.0,
      "assertions": 0,
      "meaningful_assertions": 0,
      "is_test": false,
      "is_pub": true
    },
    {
      "name": "filter_users",
      "file": "duplicated.rs",
      "module_path": "",
      "scope_path": [
        {
          "kind": "function",
          "name": "filter_users"
        }
      ],
      "line": 20,
      "lines": 9,
      "params": 2,
      "nesting_depth": 2,
      "cyclomatic": 3,
      "mutable_bindings": 1,
      "internal_state_cardinality_log2": 0.0,
      "assertions": 0,
      "meaningful_assertions": 0,
      "is_test": false,
      "is_pub": true
    },
    {
      "name": "filter_products",
      "file": "duplicated.rs",
      "module_path": "",
      "scope_path": [
        {
          "kind": "function",
          "name": "filter_products"
        }
      ],
      "line": 31,
      "lines": 9,
      "params": 2,
      "nesting_depth": 2,
      "cyclomatic": 3,
      "mutable_bindings": 1,
      "internal_state_cardinality_log2": 0.0,
      "assertions": 0,
      "meaningful_assertions": 0,
      "is_test": false,
      "is_pub": true
    },
    {
      "name": "count_active_users",
      "file": "duplicated.rs",
      "module_path": "",
      "scope_path": [
        {
          "kind": "function",
          "name": "count_active_users"
        }
      ],
      "line": 44,
      "lines": 11,
      "params": 1,
      "nesting_depth": 2,
      "cyclomatic": 4,
      "mutable_bindings": 1,
      "internal_state_cardinality_log2": 0.0,
      "assertions": 0,
      "meaningful_assertions": 0,
      "is_test": false,
      "is_pub": true
    },
    {
      "name": "count_available_products",
      "file": "duplicated.rs",
      "module_path": "",
      "scope_path": [
        {
          "kind": "function",
          "name": "count_available_products"
        }
      ],
      "line": 57,
      "lines": 11,
      "params": 1,
      "nesting_depth": 2,
      "cyclomatic": 4,
      "mutable_bindings": 1,
      "internal_state_cardinality_log2": 0.0,
      "assertions": 0,
      "meaningful_assertions": 0,
      "is_test": false,
      "is_pub": true
    },
    {
      "name": "serialize_users",
      "file": "duplicated.rs",
      "module_path": "",
      "scope_path": [
        {
          "kind": "function",
          "name": "serialize_users"
        }
      ],
      "line": 72,
      "lines": 9,
      "params": 1,
      "nesting_depth": 1,
      "cyclomatic": 2,
      "mutable_bindings": 1,
      "internal_state_cardinality_log2": 0.0,
      "assertions": 0,
      "meaningful_assertions": 0,
      "is_test": false,
      "is_pub": true
    },
    {
      "name": "serialize_products",
      "file": "duplicated.rs",
      "module_path": "",
      "scope_path": [
        {
          "kind": "function",
          "name": "serialize_products"
        }
      ],
      "line": 83,
      "lines": 9,
      "params": 1,
      "nesting_depth": 1,
      "cyclomatic": 2,
      "mutable_bindings": 1,
      "internal_state_cardinality_log2": 0.0,
      "assertions": 0,
      "meaningful_assertions": 0,
      "is_test": false,
      "is_pub": true
    },
    {
      "name": "validate_user",
      "file": "duplicated.rs",
      "module_path": "",
      "scope_path": [
        {
          "kind": "function",
          "name": "validate_user"
        }
      ],
      "line": 96,
      "lines": 11,
      "params": 1,
      "nesting_depth": 1,
      "cyclomatic": 4,
      "mutable_bindings": 0,
      "internal_state_cardinality_log2": 0.0,
      "assertions": 0,
      "meaningful_assertions": 0,
      "is_test": false,
      "is_pub": true
    },
    {
      "name": "validate_order",
      "file": "duplicated.rs",
      "module_path": "",
      "scope_path": [
        {
          "kind": "function",
          "name": "validate_order"
        }
      ],
      "line": 109,
      "lines": 11,
      "params": 1,
      "nesting_depth": 1,
      "cyclomatic": 4,
      "mutable_bindings": 0,
      "internal_state_cardinality_log2": 0.0,
      "assertions": 0,
      "meaningful_assertions": 0,
      "is_test": false,
      "is_pub": true
    },
    {
      "name": "build_summary",
      "file": "mixed.rs",
      "module_path": "",
      "scope_path": [
        {
          "kind": "function",
          "name": "build_summary"
        }
      ],
      "line": 28,
      "lines": 32,
      "params": 1,
      "nesting_depth": 2,
      "cyclomatic": 8,
      "mutable_bindings": 1,
      "internal_state_cardinality_log2": 0.0,
      "assertions": 0,
      "meaningful_assertions": 0,
      "is_test": false,
      "is_pub": true
    },
    {
      "name": "sort_entries_by_value",
      "file": "mixed.rs",
      "module_path": "",
      "scope_path": [
        {
          "kind": "function",
          "name": "sort_entries_by_value"
        }
      ],
      "line": 69,
      "lines": 4,
      "params": 1,
      "nesting_depth": 1,
      "cyclomatic": 1,
      "mutable_bindings": 0,
      "internal_state_cardinality_log2": 0.0,
      "assertions": 0,
      "meaningful_assertions": 0,
      "is_test": false,
      "is_pub": true
    },
    {
      "name": "sort_entries_by_label",
      "file": "mixed.rs",
      "module_path": "",
      "scope_path": [
        {
          "kind": "function",
          "name": "sort_entries_by_label"
        }
      ],
      "line": 75,
      "lines": 4,
      "params": 1,
      "nesting_depth": 1,
      "cyclomatic": 1,
      "mutable_bindings": 0,
      "internal_state_cardinality_log2": 0.0,
      "assertions": 0,
      "meaningful_assertions": 0,
      "is_test": false,
      "is_pub": true
    },
    {
      "name": "compute_median",
      "file": "mixed.rs",
      "module_path": "",
      "scope_path": [
        {
          "kind": "function",
          "name": "compute_median"
        }
      ],
      "line": 83,
      "lines": 12,
      "params": 1,
      "nesting_depth": 1,
      "cyclomatic": 3,
      "mutable_bindings": 1,
      "internal_state_cardinality_log2": 0.0,
      "assertions": 0,
      "meaningful_assertions": 0,
      "is_test": false,
      "is_pub": false
    },
    {
      "name": "format_pct",
      "file": "mixed.rs",
      "module_path": "",
      "scope_path": [
        {
          "kind": "function",
          "name": "format_pct"
        }
      ],
      "line": 97,
      "lines": 5,
      "params": 2,
      "nesting_depth": 1,
      "cyclomatic": 2,
      "mutable_bindings": 0,
      "internal_state_cardinality_log2": 0.0,
      "assertions": 0,
      "meaningful_assertions": 0,
      "is_test": false,
      "is_pub": false
    },
    {
      "name": "clamp",
      "file": "mixed.rs",
      "module_path": "",
      "scope_path": [
        {
          "kind": "function",
          "name": "clamp"
        }
      ],
      "line": 104,
      "lines": 8,
      "params": 3,
      "nesting_depth": 2,
      "cyclomatic": 3,
      "mutable_bindings": 0,
      "internal_state_cardinality_log2": 0.0,
      "assertions": 0,
      "meaningful_assertions": 0,
      "is_test": false,
      "is_pub": false
    },
    {
      "name": "truncate_label",
      "file": "mixed.rs",
      "module_path": "",
      "scope_path": [
        {
          "kind": "function",
          "name": "truncate_label"
        }
      ],
      "line": 114,
      "lines": 6,
      "params": 2,
      "nesting_depth": 1,
      "cyclomatic": 2,
      "mutable_bindings": 0,
      "internal_state_cardinality_log2": 0.0,
      "assertions": 0,
      "meaningful_assertions": 0,
      "is_test": false,
      "is_pub": false
    },
    {
      "name": "count_above_threshold",
      "file": "mixed.rs",
      "module_path": "",
      "scope_path": [
        {
          "kind": "function",
          "name": "count_above_threshold"
        }
      ],
      "line": 122,
      "lines": 2,
      "params": 2,
      "nesting_depth": 1,
      "cyclomatic": 1,
      "mutable_bindings": 0,
      "internal_state_cardinality_log2": 0.0,
      "assertions": 0,
      "meaningful_assertions": 0,
      "is_test": false,
      "is_pub": false
    },
    {
      "name": "_unused_helper",
      "file": "mixed.rs",
      "module_path": "",
      "scope_path": [
        {
          "kind": "function",
          "name": "_unused_helper"
        }
      ],
      "line": 126,
      "lines": 2,
      "params": 0,
      "nesting_depth": 0,
      "cyclomatic": 1,
      "mutable_bindings": 0,
      "internal_state_cardinality_log2": 0.0,
      "assertions": 0,
      "meaningful_assertions": 0,
      "is_test": false,
      "is_pub": false
    },
    {
      "name": "parse",
      "file": "overhead.rs",
      "module_path": "",
      "scope_path": [
        {
          "kind": "function",
          "name": "parse"
        }
      ],
      "line": 15,
      "lines": 10,
      "params": 1,
      "nesting_depth": 0,
      "cyclomatic": 1,
      "mutable_bindings": 0,
      "internal_state_cardinality_log2": 0.0,
      "assertions": 0,
      "meaningful_assertions": 0,
      "is_test": false,
      "is_pub": true
    },
    {
      "name": "render",
      "file": "overhead.rs",
      "module_path": "",
      "scope_path": [
        {
          "kind": "function",
          "name": "render"
        }
      ],
      "line": 28,
      "lines": 7,
      "params": 1,
      "nesting_depth": 0,
      "cyclomatic": 1,
      "mutable_bindings": 0,
      "internal_state_cardinality_log2": 0.0,
      "assertions": 0,
      "meaningful_assertions": 0,
      "is_test": false,
      "is_pub": true
    },
    {
      "name": "strip_comments",
      "file": "overhead.rs",
      "module_path": "",
      "scope_path": [
        {
          "kind": "function",
          "name": "strip_comments"
        }
      ],
      "line": 39,
      "lines": 6,
      "params": 1,
      "nesting_depth": 1,
      "cyclomatic": 1,
      "mutable_bindings": 0,
      "internal_state_cardinality_log2": 0.0,
      "assertions": 0,
      "meaningful_assertions": 0,
      "is_test": false,
      "is_pub": false
    },
    {
      "name": "normalize_whitespace",
      "file": "overhead.rs",
      "module_path": "",
      "scope_path": [
        {
          "kind": "function",
          "name": "normalize_whitespace"
        }
      ],
      "line": 47,
      "lines": 6,
      "params": 1,
      "nesting_depth": 1,
      "cyclomatic": 1,
      "mutable_bindings": 0,
      "internal_state_cardinality_log2": 0.0,
      "assertions": 0,
      "meaningful_assertions": 0,
      "is_test": false,
      "is_pub": false
    },
    {
      "name": "tokenize",
      "file": "overhead.rs",
      "module_path": "",
      "scope_path": [
        {
          "kind": "function",
          "name": "tokenize"
        }
      ],
      "line": 55,
      "lines": 9,
      "params": 1,
      "nesting_depth": 1,
      "cyclomatic": 1,
      "mutable_bindings": 0,
      "internal_state_cardinality_log2": 0.0,
      "assertions": 0,
      "meaningful_assertions": 0,
      "is_test": false,
      "is_pub": false
    },
    {
      "name": "filter_empty",
      "file": "overhead.rs",
      "module_path": "",
      "scope_path": [
        {
          "kind": "function",
          "name": "filter_empty"
        }
      ],
      "line": 66,
      "lines": 9,
      "params": 1,
      "nesting_depth": 1,
      "cyclomatic": 1,
      "mutable_bindings": 0,
      "internal_state_cardinality_log2": 0.0,
      "assertions": 0,
      "meaningful_assertions": 0,
      "is_test": false,
      "is_pub": false
    },
    {
      "name": "merge_adjacent",
      "file": "overhead.rs",
      "module_path": "",
      "scope_path": [
        {
          "kind": "function",
          "name": "merge_adjacent"
        }
      ],
      "line": 77,
      "lines": 24,
      "params": 1,
      "nesting_depth": 3,
      "cyclomatic": 5,
      "mutable_bindings": 1,
      "internal_state_cardinality_log2": 0.0,
      "assertions": 0,
      "meaningful_assertions": 0,
      "is_test": false,
      "is_pub": false
    },
    {
      "name": "validate_tokens",
      "file": "overhead.rs",
      "module_path": "",
      "scope_path": [
        {
          "kind": "function",
          "name": "validate_tokens"
        }
      ],
      "line": 103,
      "lines": 9,
      "params": 1,
      "nesting_depth": 1,
      "cyclomatic": 2,
      "mutable_bindings": 0,
      "internal_state_cardinality_log2": 0.0,
      "assertions": 0,
      "meaningful_assertions": 0,
      "is_test": false,
      "is_pub": false
    },
    {
      "name": "build_index",
      "file": "overhead.rs",
      "module_path": "",
      "scope_path": [
        {
          "kind": "function",
          "name": "build_index"
        }
      ],
      "line": 114,
      "lines": 8,
      "params": 1,
      "nesting_depth": 1,
      "cyclomatic": 1,
      "mutable_bindings": 0,
      "internal_state_cardinality_log2": 0.0,
      "assertions": 0,
      "meaningful_assertions": 0,
      "is_test": false,
      "is_pub": false
    },
    {
      "name": "sort_by_kind",
      "file": "overhead.rs",
      "module_path": "",
      "scope_path": [
        {
          "kind": "function",
          "name": "sort_by_kind"
        }
      ],
      "line": 124,
      "lines": 10,
      "params": 1,
      "nesting_depth": 1,
      "cyclomatic": 1,
      "mutable_bindings": 0,
      "internal_state_cardinality_log2": 0.0,
      "assertions": 0,
      "meaningful_assertions": 0,
      "is_test": false,
      "is_pub": false
    },
    {
      "name": "format_tokens",
      "file": "overhead.rs",
      "module_path": "",
      "scope_path": [
        {
          "kind": "function",
          "name": "format_tokens"
        }
      ],
      "line": 136,
      "lines": 5,
      "params": 1,
      "nesting_depth": 1,
      "cyclomatic": 1,
      "mutable_bindings": 0,
      "internal_state_cardinality_log2": 0.0,
      "assertions": 0,
      "meaningful_assertions": 0,
      "is_test": false,
      "is_pub": false
    },
    {
      "name": "apply_indentation",
      "file": "overhead.rs",
      "module_path": "",
      "scope_path": [
        {
          "kind": "function",
          "name": "apply_indentation"
        }
      ],
      "line": 143,
      "lines": 2,
      "params": 1,
      "nesting_depth": 1,
      "cyclomatic": 1,
      "mutable_bindings": 0,
      "internal_state_cardinality_log2": 0.0,
      "assertions": 0,
      "meaningful_assertions": 0,
      "is_test": false,
      "is_pub": false
    },
    {
      "name": "wrap_lines",
      "file": "overhead.rs",
      "module_path": "",
      "scope_path": [
        {
          "kind": "function",
          "name": "wrap_lines"
        }
      ],
      "line": 147,
      "lines": 18,
      "params": 2,
      "nesting_depth": 3,
      "cyclomatic": 5,
      "mutable_bindings": 2,
      "internal_state_cardinality_log2": 0.0,
      "assertions": 0,
      "meaningful_assertions": 0,
      "is_test": false,
      "is_pub": false
    },
    {
      "name": "trim_trailing",
      "file": "overhead.rs",
      "module_path": "",
      "scope_path": [
        {
          "kind": "function",
          "name": "trim_trailing"
        }
      ],
      "line": 167,
      "lines": 5,
      "params": 1,
      "nesting_depth": 1,
      "cyclomatic": 1,
      "mutable_bindings": 0,
      "internal_state_cardinality_log2": 0.0,
      "assertions": 0,
      "meaningful_assertions": 0,
      "is_test": false,
      "is_pub": false
    },
    {
      "name": "add_line_numbers",
      "file": "overhead.rs",
      "module_path": "",
      "scope_path": [
        {
          "kind": "function",
          "name": "add_line_numbers"
        }
      ],
      "line": 174,
      "lines": 6,
      "params": 1,
      "nesting_depth": 1,
      "cyclomatic": 1,
      "mutable_bindings": 0,
      "internal_state_cardinality_log2": 0.0,
      "assertions": 0,
      "meaningful_assertions": 0,
      "is_test": false,
      "is_pub": false
    },
    {
      "name": "join_output",
      "file": "overhead.rs",
      "module_path": "",
      "scope_path": [
        {
          "kind": "function",
          "name": "join_output"
        }
      ],
      "line": 182,
      "lines": 2,
      "params": 1,
      "nesting_depth": 0,
      "cyclomatic": 1,
      "mutable_bindings": 0,
      "internal_state_cardinality_log2": 0.0,
      "assertions": 0,
      "meaningful_assertions": 0,
      "is_test": false,
      "is_pub": false
    }
  ],
  "types": [
    {
      "name": "Record",
      "file": "bloated.rs",
      "module_path": "",
      "scope_path": [
        {
          "kind": "type",
          "name": "Record"
        }
      ],
      "line": 3,
      "kind": "Struct",
      "bool_fields": 1,
      "option_fields": 0,
      "total_fields": 4,
      "state_cardinality": 2,
      "state_cardinality_log2": 1.0
    },
    {
      "name": "Summary",
      "file": "bloated.rs",
      "module_path": "",
      "scope_path": [
        {
          "kind": "type",
          "name": "Summary"
        }
      ],
      "line": 10,
      "kind": "Struct",
      "bool_fields": 0,
      "option_fields": 0,
      "total_fields": 2,
      "state_cardinality": 1,
      "state_cardinality_log2": 0.0
    },
    {
      "name": "PipelineConfig",
      "file": "clean.rs",
      "module_path": "",
      "scope_path": [
        {
          "kind": "type",
          "name": "PipelineConfig"
        }
      ],
      "line": 4,
      "kind": "Struct",
      "bool_fields": 1,
      "option_fields": 0,
      "total_fields": 2,
      "state_cardinality": 2,
      "state_cardinality_log2": 1.0
    },
    {
      "name": "StepResult",
      "file": "clean.rs",
      "module_path": "",
      "scope_path": [
        {
          "kind": "type",
          "name": "StepResult"
        }
      ],
      "line": 10,
      "kind": "Enum",
      "bool_fields": 0,
      "option_fields": 0,
      "total_fields": 3,
      "state_cardinality": 1,
      "state_cardinality_log2": 0.0
    },
    {
      "name": "AppConfig",
      "file": "complex_types.rs",
      "module_path": "",
      "scope_path": [
        {
          "kind": "type",
          "name": "AppConfig"
        }
      ],
      "line": 4,
      "kind": "Struct",
      "bool_fields": 12,
      "option_fields": 3,
      "total_fields": 15,
      "state_cardinality": 32768,
      "state_cardinality_log2": 15.0
    },
    {
      "name": "UserProfile",
      "file": "complex_types.rs",
      "module_path": "",
      "scope_path": [
        {
          "kind": "type",
          "name": "UserProfile"
        }
      ],
      "line": 23,
      "kind": "Struct",
      "bool_fields": 7,
      "option_fields": 4,
      "total_fields": 12,
      "state_cardinality": 2048,
      "state_cardinality_log2": 11.0
    },
    {
      "name": "SystemEvent",
      "file": "complex_types.rs",
      "module_path": "",
      "scope_path": [
        {
          "kind": "type",
          "name": "SystemEvent"
        }
      ],
      "line": 39,
      "kind": "Enum",
      "bool_fields": 16,
      "option_fields": 0,
      "total_fields": 10,
      "state_cardinality": 8,
      "state_cardinality_log2": 3.0
    },
    {
      "name": "PipelineStage",
      "file": "complex_types.rs",
      "module_path": "",
      "scope_path": [
        {
          "kind": "type",
          "name": "PipelineStage"
        }
      ],
      "line": 53,
      "kind": "Enum",
      "bool_fields": 15,
      "option_fields": 0,
      "total_fields": 8,
      "state_cardinality": 4,
      "state_cardinality_log2": 2.0
    },
    {
      "name": "User",
      "file": "duplicated.rs",
      "module_path": "",
      "scope_path": [
        {
          "kind": "type",
          "name": "User"
        }
      ],
      "line": 3,
      "kind": "Struct",
      "bool_fields": 0,
      "option_fields": 0,
      "total_fields": 2,
      "state_cardinality": 1,
      "state_cardinality_log2": 0.0
    },
    {
      "name": "Product",
      "file": "duplicated.rs",
      "module_path": "",
      "scope_path": [
        {
          "kind": "type",
          "name": "Product"
        }
      ],
      "line": 8,
      "kind": "Struct",
      "bool_fields": 0,
      "option_fields": 0,
      "total_fields": 2,
      "state_cardinality": 1,
      "state_cardinality_log2": 0.0
    },
    {
      "name": "Order",
      "file": "duplicated.rs",
      "module_path": "",
      "scope_path": [
        {
          "kind": "type",
          "name": "Order"
        }
      ],
      "line": 13,
      "kind": "Struct",
      "bool_fields": 0,
      "option_fields": 0,
      "total_fields": 2,
      "state_cardinality": 1,
      "state_cardinality_log2": 0.0
    },
    {
      "name": "Report",
      "file": "mixed.rs",
      "module_path": "",
      "scope_path": [
        {
          "kind": "type",
          "name": "Report"
        }
      ],
      "line": 3,
      "kind": "Struct",
      "bool_fields": 3,
      "option_fields": 2,
      "total_fields": 7,
      "state_cardinality": 32,
      "state_cardinality_log2": 5.0
    },
    {
      "name": "Entry",
      "file": "mixed.rs",
      "module_path": "",
      "scope_path": [
        {
          "kind": "type",
          "name": "Entry"
        }
      ],
      "line": 13,
      "kind": "Struct",
      "bool_fields": 0,
      "option_fields": 0,
      "total_fields": 2,
      "state_cardinality": 1,
      "state_cardinality_log2": 0.0
    },
    {
      "name": "Status",
      "file": "mixed.rs",
      "module_path": "",
      "scope_path": [
        {
          "kind": "type",
          "name": "Status"
        }
      ],
      "line": 18,
      "kind": "Enum",
      "bool_fields": 2,
      "option_fields": 0,
      "total_fields": 4,
      "state_cardinality": 2,
      "state_cardinality_log2": 1.0
    },
    {
      "name": "Token",
      "file": "overhead.rs",
      "module_path": "",
      "scope_path": [
        {
          "kind": "type",
          "name": "Token"
        }
      ],
      "line": 3,
      "kind": "Struct",
      "bool_fields": 0,
      "option_fields": 0,
      "total_fields": 2,
      "state_cardinality": 1,
      "state_cardinality_log2": 0.0
    },
    {
      "name": "Document",
      "file": "overhead.rs",
      "module_path": "",
      "scope_path": [
        {
          "kind": "type",
          "name": "Document"
        }
      ],
      "line": 8,
      "kind": "Struct",
      "bool_fields": 0,
      "option_fields": 0,
      "total_fields": 1,
      "state_cardinality": 1,
      "state_cardinality_log2": 0.0
    }
  ],
  "entropy": {
    "total_tokens": 5275,
    "vocabulary_size": 549,
    "entropy_bits": 6.624429871185756,
    "normalized_entropy": 0.7279063462000589,
    "per_file": [
      {
        "file": "complex_types.rs",
        "tokens": 636,
        "vocabulary": 147,
        "entropy_bits": 5.32372988863655,
        "normalized_entropy": 0.7394405791889616
      },
      {
        "file": "bloated.rs",
        "tokens": 1402,
        "vocabulary": 202,
        "entropy_bits": 6.075153992979453,
        "normalized_entropy": 0.7932862662074842
      },
      {
        "file": "overhead.rs",
        "tokens": 1203,
        "vocabulary": 150,
        "entropy_bits": 5.75835720215016,
        "normalized_entropy": 0.7965834320510742
      },
      {
        "file": "mixed.rs",
        "tokens": 997,
        "vocabulary": 150,
        "entropy_bits": 5.92726987260471,
        "normalized_entropy": 0.8199499982476546
      },
      {
        "file": "duplicated.rs",
        "tokens": 756,
        "vocabulary": 117,
        "entropy_bits": 5.828867908394154,
        "normalized_entropy": 0.8484073475429114
      },
      {
        "file": "clean.rs",
        "tokens": 281,
        "vocabulary": 87,
        "entropy_bits": 5.659445579001583,
        "normalized_entropy": 0.8783944143927442
      }
    ]
  },
  "duplication": {
    "functions_fingerprinted": 42,
    "exact_duplicates": [
      {
        "shape_hash": 4678789837539814812,
        "shape_length": 14,
        "functions": [
          {
            "name": "count_active_users",
            "file": "duplicated.rs",
            "line": 44,
            "scope_path": [
              {
                "kind": "function",
                "name": "count_active_users"
              }
            ]
          },
          {
            "name": "count_available_products",
            "file": "duplicated.rs",
            "line": 57,
            "scope_path": [
              {
                "kind": "function",
                "name": "count_available_products"
              }
            ]
          }
        ]
      },
      {
        "shape_hash": 1896486113691674164,
        "shape_length": 13,
        "functions": [
          {
            "name": "filter_users",
            "file": "duplicated.rs",
            "line": 20,
            "scope_path": [
              {
                "kind": "function",
                "name": "filter_users"
              }
            ]
          },
          {
            "name": "filter_products",
            "file": "duplicated.rs",
            "line": 31,
            "scope_path": [
              {
                "kind": "function",
                "name": "filter_products"
              }
            ]
          }
        ]
      },
      {
        "shape_hash": 6472160216236809345,
        "shape_length": 12,
        "functions": [
          {
            "name": "serialize_users",
            "file": "duplicated.rs",
            "line": 72,
            "scope_path": [
              {
                "kind": "function",
                "name": "serialize_users"
              }
            ]
          },
          {
            "name": "serialize_products",
            "file": "duplicated.rs",
            "line": 83,
            "scope_path": [
              {
                "kind": "function",
                "name": "serialize_products"
              }
            ]
          }
        ]
      },
      {
        "shape_hash": 1239791059319316726,
        "shape_length": 10,
        "functions": [
          {
            "name": "sort_entries_by_value",
            "file": "mixed.rs",
            "line": 69,
            "scope_path": [
              {
                "kind": "function",
                "name": "sort_entries_by_value"
              }
            ]
          },
          {
            "name": "sort_entries_by_label",
            "file": "mixed.rs",
            "line": 75,
            "scope_path": [
              {
                "kind": "function",
                "name": "sort_entries_by_label"
              }
            ]
          }
        ]
      },
      {
        "shape_hash": 2836275581136662510,
        "shape_length": 5,
        "functions": [
          {
            "name": "format_tokens",
            "file": "overhead.rs",
            "line": 136,
            "scope_path": [
              {
                "kind": "function",
                "name": "format_tokens"
              }
            ]
          },
          {
            "name": "apply_indentation",
            "file": "overhead.rs",
            "line": 143,
            "scope_path": [
              {
                "kind": "function",
                "name": "apply_indentation"
              }
            ]
          }
        ]
      }
    ],
    "near_duplicates": [],
    "duplication_score": 0.23809523809523808
  },
  "summary": {
    "function_count": 42,
    "max_function_lines": 58,
    "mean_function_lines": 11.833333333333334,
    "functions_over_70_lines": 0,
    "max_nesting_depth": 3,
    "mean_nesting_depth": 1.1428571428571428,
    "max_cyclomatic": 11,
    "mean_cyclomatic": 2.642857142857143,
    "max_params": 3,
    "total_mutable_bindings": 18,
    "type_count": 16,
    "total_bool_fields": 57,
    "total_option_fields": 9,
    "max_state_cardinality_log2": 15.0,
    "functions_under_2_assertions": 42,
    "nontrivial_functions_under_2_assertions": 20,
    "nontrivial_function_count": 20,
    "total_assertions": 0,
    "mean_assertions_per_function": 0.0,
    "total_meaningful_assertions": 0,
    "mean_meaningful_assertions_per_function": 0.0,
    "test_function_count": 0,
    "production_function_count": 42,
    "public_function_count": 22,
    "macro_fn_count": 0,
    "macro_export_fn_count": 0,
    "function_overhead_ratio": 1.9090909090909092,
    "test_density": 0.0,
    "total_production_cyclomatic": 111,
    "production_lines": 649,
    "exact_duplicate_groups": 5,
    "near_duplicate_pairs": 0,
    "duplication_score": 0.23809523809523808
  },
  "semantic": {
    "coupling_density": 0.0,
    "coupling_module_count": 0,
    "coupling_edge_count": 0
  }
}
