---
source: crates/mb-tui/src/devkit/scenario.rs
expression: text
---
▾ trace            ╺━━━━━━━━━━━━━━━━━━━━━━━━━━━━━━━━━━━━━━━━━━━━━━━━━━━━━━━━━━━━━━━━━━━━━━━━━━━━━━━╸
  ▾ request 01a0a… ╺━━━━━━━━━━━━━━━━━━━━━━━━━━━━━━━━━━━━━━━━━━━━━━━━━━━━━━━━━━━━━━━━━━━━━━━━━━━━━━━╸
    ▾ query        ╺━━━━━━━━━━━━━━━━━━━━━━━━━━━━━━━━━━━━━━━━━━━━━━╸
        admitted   ━
        planning   ╺━━━━━━━━━━━━━━━━━━━━━━━━━━━━━━━━━━━━━━━━━━━━━╸
        completed  ━
    ▸ stage 0      ╺━━━━━━━━━━━━━━━━━━━━━━━━━━━━━━╸
