---
source: crates/mb-tui/src/devkit/scenario.rs
expression: text
---
<fg:white,bold>Trace · 690ms</>                               <fg:cyan>┌details · planning*───────────────────────────────────┐</>
<fg:#a0a0a0>Operation</>                                   <fg:cyan>│</><fg:#a0a0a0>node: planning</><fg:white>                                        </><fg:cyan>│</>
<fg:#a0a0a0>  ▾ request 01a0a709  +0ns · 690ms</>          <fg:cyan>│</><fg:#a0a0a0>observed UTC: 21:48:28</><fg:white>                                </><fg:cyan>│</>
<fg:#a0a0a0>    ▾ query  +0ns · 690ms</>                   <fg:cyan>│</><fg:#a0a0a0>offset: +1ms</><fg:white>                                          </><fg:cyan>│</>
<fg:#a0a0a0>        admitted  +0ns</>                      <fg:cyan>│</><fg:#a0a0a0>duration: 219ms</><fg:white>                                       </><fg:cyan>│</>
<fg:white,bold>        planning  +1ms · 219ms</>              <fg:cyan>│</><fg:white>source: owned fixture                                 </><fg:cyan>│</>
<fg:green>        completed  +690ms</>                   <fg:cyan>│</><fg:cyan,bold>Overview</><fg:white>                                              </><fg:cyan>│</>
<fg:#a0a0a0>    ▸ stage 0  +40ms · 260ms</>                <fg:cyan>│</><fg:white>  kind: scheduled work                                </><fg:cyan>│</>
                                            <fg:cyan>│</><fg:white>  status: success                                     </><fg:cyan>│</>
                                            <fg:cyan>│</><fg:cyan,bold>Scheduling</><fg:white>                                            </><fg:cyan>│</>
                                            <fg:cyan>││ stage │ work              │ rows │</><fg:white>                  </><fg:cyan>│</>
                                            <fg:cyan>│</><fg:#a0a0a0>├───────┼───────────────────┼──────┤</><fg:white>                  </><fg:cyan>│</>
                                            <fg:cyan>│</><fg:white>│ 3     │ partial aggregate │ 4    │                  </><fg:cyan>│</>
                                            <fg:cyan>└──────────────────────────────────────────────────────┘</>
