---
source: crates/mb-tui/src/devkit/scenario.rs
expression: text
---
<fg:#a0a0a0>▾ trace           </> <fg:cyan>╺━━━━━━━━━━━━━━━━━━━━━━━━━━━━━━━━━━━━━━━━━━━━━━━━━━━━━━━━━━━━━━━━━━━━━━━━━━━━━━━╸</>
<fg:#a0a0a0>  ▾ request 01a0a…</> <fg:cyan>╺━━━━━━━━━━━━━━━━━━━━━━━━━━━━━━━━━━━━━━━━━━━━━━━━━━━━━━━━━━━━━━━━━━━━━━━━━━━━━━━╸</>
<fg:white,bold>    ▸ query       </> <fg:cyan>╺━━━━━━━━━━━━━━━━━━━━━━━━━━━━━━━━━━━━━━━━━━━━━━╸</>
                   <fg:#a0a0a0>■activity:0%</> <fg:cyan>■</><fg:#a0a0a0>scheduled:100%</> <fg:green>■</><fg:#a0a0a0>success:0%</>
<fg:#a0a0a0>        admitted  </> <fg:#a0a0a0>━</>
<fg:#a0a0a0>        planning  </> <fg:cyan>╺━━━━━━━━━━━━━━━━━━━━━━━━━━━━━━━━━━━━━━━━━━━━━╸</>
<fg:#a0a0a0>        completed </> <fg:green>━</>
<fg:#a0a0a0>    ▸ stage 0     </> <fg:cyan>╺━━━━━━━━━━━━━━━━━━━━━━━━━━━━━━╸</>
