---
source: crates/tui-lib/src/devkit/scenario.rs
expression: text
---





                       ┌Selector────────────────────────┐
                       │            ████████            │
                       │            ████████            │
                       │            ████████            │
                       │            ████████            │
                       │    Plan      Code     Review   │
                       │                                │
                       └────────────────────────────────┘
