---
source: crates/mb-tui/src/devkit/scenario.rs
expression: text
---
Trace · 690ms                               ┌details · completed*──────────────────────────────────┐
Operation                                   │node: completed                                       │
  ▾ request 01a0a709  +0ns · 690ms          │observed UTC: 21:48:28                                │
    ▾ query  +0ns · 690ms                   │offset: +690ms                                        │
        admitted  +0ns                      │duration: unavailable                                 │
        planning  +1ms · 219ms              │source: owned fixture                                 │
        completed  +690ms                   │Overview                                              │
    ▸ stage 0  +40ms · 260ms                │  kind: scheduled work                                │
                                            │  status: success                                     │
                                            │Scheduling                                            │
                                            ││ stage │ work              │ rows │                  │
                                            │├───────┼───────────────────┼──────┤                  │
                                            ││ 3     │ partial aggregate │ 4    │                  │
                                            └──────────────────────────────────────────────────────┘
