---
source: crates/mb-tui/src/devkit/scenario.rs
expression: text
---
<fg:#a0a0a0>▾ trace  </> <fg:#a0a0a0>╺━━</><fg:yellow>━━━━━━━━━</><fg:red>━━━━━╸</>
<fg:#a0a0a0>  ▾ part…</> <fg:#a0a0a0>╺━━</><fg:yellow>━━━━━━━━━</><fg:red>━━━━━╸</>
<fg:#a0a0a0>    ▾ ev…</> <fg:#a0a0a0>╺━━</><fg:yellow>━━━━━━━━━</><fg:red>━━━━━╸</>
<fg:white,bold>        …</> <fg:#a0a0a0>╺━╸</>
          <fg:#a0a0a0>■activity:100%</>
<fg:#a0a0a0>        …</> <fg:red>╺━╸</>
<fg:#a0a0a0>        …</> <fg:yellow>╺━╸</>
<fg:#a0a0a0>        …</> <fg:red>╺━╸</>
