---
source: crates/mb-tui/src/devkit/scenario.rs
expression: text
---
<fg:white,bold>Trace · partial capture · 00:00:00 → 00:00:00 · 60ns</>
<fg:#a0a0a0>Operation</>                  <fg:#a0a0a0>Observed UTC</>             <fg:#a0a0a0>Offset</>     <fg:#a0a0a0>Duration</>   <fg:#a0a0a0>0ns</>        <fg:#a0a0a0>30ns</>       <fg:#a0a0a0>60ns</>
<fg:#a0a0a0>  ▾ partial capture</>        <fg:#a0a0a0>00:00:00</>                 <fg:#a0a0a0>+0ns</>       <fg:#a0a0a0>60ns</>       <fg:#a0a0a0>╺━━━━━━━━━━━━━━━━━━━━━━━━╸</>
<fg:#a0a0a0>    ▾ evidence</>             <fg:#a0a0a0>00:00:00</>                 <fg:#a0a0a0>+0ns</>       <fg:#a0a0a0>60ns</>       <fg:#a0a0a0>╺━━━━━━━━━━━━━━━━━━━━━━━━╸</>
<fg:white,bold>        observed</>           <fg:#a0a0a0>00:00:00</>                 <fg:#a0a0a0>+0ns</>       <fg:#a0a0a0>—</>          <fg:#a0a0a0>◆</>
<fg:red>        failed</>             <fg:#a0a0a0>00:00:00</>                 <fg:#a0a0a0>+0ns</>       <fg:#a0a0a0>—</>          <fg:red>◆</>
<fg:yellow>        missing start</>      <fg:#a0a0a0>00:00:00</>                 <fg:#a0a0a0>+20ns</>      <fg:#a0a0a0>—</>                  <fg:yellow>◁</>
<fg:red>        clock regression</>   <fg:#a0a0a0>00:00:00</>                 <fg:#a0a0a0>+60ns</>      <fg:#a0a0a0>—</>                      <fg:yellow>◁</>            <fg:yellow>▷</>
<fg:yellow>        missing end</>        <fg:#a0a0a0>00:00:00</>                 <fg:#a0a0a0>+40ns</>      <fg:#a0a0a0>—</>                          <fg:yellow>▷</>
<fg:yellow>        partial coverage</>   <fg:#a0a0a0>—</>                        <fg:#a0a0a0>—</>          <fg:#a0a0a0>—</>
