---
source: crates/mb-tui/src/devkit/scenario.rs
expression: text
---
▾ trace            ╺━━━━━━━━━━━━━━━━━━━━━━━━━━━━━━━━━━━━━━━━━━━━━━━━━━━━━━━━━━━━━━━━━━━━━━━━━━━━━━━╸
  ▾ request 01a0a… ╺━━━━━━━━━━━━━━━━━━━━━━━━━━━━━━━━━━━━━━━━━━━━━━━━━━━━━━━━━━━━━━━━━━━━━━━━━━━━━━━╸
    ▸ query        ╺━━━━━━━━━━━━━━━━━━━━━━━━━━━━━━━━━━━━━━━━━━━━━━╸
                   ■activity:0% ■scheduled:100% ■success:0%
        admitted   ━
        planning   ╺━━━━━━━━━━━━━━━━━━━━━━━━━━━━━━━━━━━━━━━━━━━━━╸
        completed  ━
    ▸ stage 0      ╺━━━━━━━━━━━━━━━━━━━━━━━━━━━━━━╸
