---
source: crates/mb-tui/src/devkit/scenario.rs
expression: text
---
▾ trace            ╺━━━━━━━━━━━━━━━━━━━━━━━━━━━━━━━━━━━━━━━━━━━━━━━━━━━━━━━━━━━━━━━━━━━━━━━━━━━━━━━╸
  ▾ partial captu… ╺━━━━━━━━━━━━━━━━━━━━━━━━━━━━━━━━━━━━━━━━━━━━━━━━━━━━━━━━━━━━━━━━━━━━━━━━━━━━━━━╸
    ▾ evidence     ╺━━━━━━━━━━━━━━━━━━━━━━━━━━━━━━━━━━━━━━━━━━━━━━━━━━━━━━━━━━━━━━━━━━━━━━━━━━━━━━━╸
        observed   ╺━━━━━━━━━━━╸
                   ■activity:100%
        failed     ╺━━━━━━━━━━━╸
        missing s… ╺━━━━━━━━━━━╸
        clock reg… ╺━━━━━━━━━━━╸
        missing e… ╺━━━━━━━━━━━╸
        partial c… ╺━━━━━━━━━━━╸
